[p.w3layouts.com/demos_new/template_demo/06-03-2018/chronicle-demo_Free/82078902/web/index.html]
[backblue.gif]
[fade.gif]
[index.html]
[p.w3layouts.com/demos_new/template_demo/06-03-2018/chronicle-demo_Free/82078902/web/css/shop.css]
[p.w3layouts.com/demos_new/template_demo/06-03-2018/chronicle-demo_Free/82078902/web/css/bootstrap.css]
[p.w3layouts.com/demos_new/template_demo/06-03-2018/chronicle-demo_Free/82078902/web/css/style.css]
[p.w3layouts.com/demos_new/template_demo/06-03-2018/chronicle-demo_Free/82078902/web/css/font-awesome.css]
[p.w3layouts.com/demos_new/template_demo/06-03-2018/chronicle-demo_Free/82078902/web/about.html]
[p.w3layouts.com/demos_new/template_demo/06-03-2018/chronicle-demo_Free/82078902/web/shop.html]
[p.w3layouts.com/demos_new/template_demo/06-03-2018/chronicle-demo_Free/82078902/web/single_product.html]
[p.w3layouts.com/demos_new/template_demo/06-03-2018/chronicle-demo_Free/82078902/web/checkout.html]
[p.w3layouts.com/demos_new/template_demo/06-03-2018/chronicle-demo_Free/82078902/web/payment.html]
[p.w3layouts.com/demos_new/template_demo/06-03-2018/chronicle-demo_Free/82078902/web/footer.html]
[p.w3layouts.com/demos_new/template_demo/06-03-2018/chronicle-demo_Free/82078902/web/footer1.html]
[p.w3layouts.com/demos_new/template_demo/06-03-2018/chronicle-demo_Free/82078902/web/footer2.html]
[p.w3layouts.com/demos_new/template_demo/06-03-2018/chronicle-demo_Free/82078902/web/footer3.html]
[p.w3layouts.com/demos_new/template_demo/06-03-2018/chronicle-demo_Free/82078902/web/footer4.html]
[p.w3layouts.com/demos_new/template_demo/06-03-2018/chronicle-demo_Free/82078902/web/contact.html]
[p.w3layouts.com/demos_new/template_demo/06-03-2018/chronicle-demo_Free/82078902/web/login.html]
[p.w3layouts.com/demos_new/template_demo/06-03-2018/chronicle-demo_Free/82078902/web/images/t3.jpg]
[p.w3layouts.com/demos_new/template_demo/06-03-2018/chronicle-demo_Free/82078902/web/images/t1.jpg]
[p.w3layouts.com/demos_new/template_demo/06-03-2018/chronicle-demo_Free/82078902/web/images/t2.jpg]
[p.w3layouts.com/demos_new/template_demo/06-03-2018/chronicle-demo_Free/82078902/web/images/t4.jpg]
[p.w3layouts.com/demos_new/template_demo/06-03-2018/chronicle-demo_Free/82078902/web/images/c3.jpg]
[p.w3layouts.com/demos_new/template_demo/06-03-2018/chronicle-demo_Free/82078902/web/images/c2.jpg]
[p.w3layouts.com/demos_new/template_demo/06-03-2018/chronicle-demo_Free/82078902/web/images/c4.jpg]
[p.w3layouts.com/demos_new/template_demo/06-03-2018/chronicle-demo_Free/82078902/web/images/c1.jpg]
[p.w3layouts.com/demos_new/template_demo/06-03-2018/chronicle-demo_Free/82078902/web/images/f1.png]
[p.w3layouts.com/demos_new/template_demo/06-03-2018/chronicle-demo_Free/82078902/web/images/f2.png]
[p.w3layouts.com/demos_new/template_demo/06-03-2018/chronicle-demo_Free/82078902/web/images/f3.png]
[p.w3layouts.com/demos_new/template_demo/06-03-2018/chronicle-demo_Free/82078902/web/images/f4.png]
[p.w3layouts.com/demos_new/template_demo/06-03-2018/chronicle-demo_Free/82078902/web/images/b1.jpg]
[p.w3layouts.com/demos_new/template_demo/06-03-2018/chronicle-demo_Free/82078902/web/images/b2.jpg]
[p.w3layouts.com/cdn-cgi/scripts/5c5dd728/cloudflare-static/email-decode.min.js]
[p.w3layouts.com/demos_new/template_demo/06-03-2018/chronicle-demo_Free/82078902/web/js/jquery-2.2.3.min.js]
[p.w3layouts.com/demos_new/template_demo/06-03-2018/chronicle-demo_Free/82078902/web/js/main.js]
[p.w3layouts.com/demos_new/template_demo/06-03-2018/chronicle-demo_Free/82078902/web/js/minicart.js]
[p.w3layouts.com/demos_new/template_demo/06-03-2018/chronicle-demo_Free/82078902/web/js/scrolling-nav.js]
[p.w3layouts.com/demos_new/template_demo/06-03-2018/chronicle-demo_Free/82078902/web/js/move-top.js]
[w3layouts.com/index.html]
[p.w3layouts.com/demos_new/template_demo/06-03-2018/chronicle-demo_Free/82078902/web/js/easing.js]
[p.w3layouts.com/demos_new/template_demo/06-03-2018/chronicle-demo_Free/82078902/web/js/SmoothScroll.min.js]
[p.w3layouts.com/demos_new/template_demo/06-03-2018/chronicle-demo_Free/82078902/web/js/numscroller-1.0.js]
[p.w3layouts.com/demos_new/template_demo/06-03-2018/chronicle-demo_Free/82078902/web/index.html]
[p.w3layouts.com/demos_new/template_demo/06-03-2018/chronicle-demo_Free/82078902/web/js/bootstrap.js]
[p.w3layouts.com/demos_new/template_demo/06-03-2018/chronicle-demo_Free/82078902/web/fonts/glyphicons-halflings-regular.eot]
[p.w3layouts.com/demos_new/template_demo/06-03-2018/chronicle-demo_Free/82078902/web/fonts/glyphicons-halflings-regulard41d.eot]
[p.w3layouts.com/demos_new/template_demo/06-03-2018/chronicle-demo_Free/82078902/web/fonts/glyphicons-halflings-regular.woff2]
[p.w3layouts.com/demos_new/template_demo/06-03-2018/chronicle-demo_Free/82078902/web/fonts/glyphicons-halflings-regular.woff]
[p.w3layouts.com/demos_new/template_demo/06-03-2018/chronicle-demo_Free/82078902/web/fonts/glyphicons-halflings-regular.ttf]
[p.w3layouts.com/demos_new/template_demo/06-03-2018/chronicle-demo_Free/82078902/web/fonts/glyphicons-halflings-regular.svg]
[p.w3layouts.com/demos_new/template_demo/06-03-2018/chronicle-demo_Free/82078902/web/css/bootstrap.css]
[p.w3layouts.com/demos_new/template_demo/06-03-2018/chronicle-demo_Free/82078902/web/images/bg1.jpg]
[p.w3layouts.com/demos_new/template_demo/06-03-2018/chronicle-demo_Free/82078902/web/css/shop.css]
[p.w3layouts.com/demos_new/template_demo/06-03-2018/chronicle-demo_Free/82078902/web/images/2.jpg]
[p.w3layouts.com/demos_new/template_demo/06-03-2018/chronicle-demo_Free/82078902/web/images/banner.jpg]
[p.w3layouts.com/demos_new/template_demo/06-03-2018/chronicle-demo_Free/82078902/web/images/a2.jpg]
[p.w3layouts.com/demos_new/template_demo/06-03-2018/chronicle-demo_Free/82078902/web/images/a1.jpg]
[p.w3layouts.com/demos_new/template_demo/06-03-2018/chronicle-demo_Free/82078902/web/images/s5.jpg]
[p.w3layouts.com/demos_new/template_demo/06-03-2018/chronicle-demo_Free/82078902/web/images/test2.jpg]
[p.w3layouts.com/demos_new/template_demo/06-03-2018/chronicle-demo_Free/82078902/web/images/move-top.png]
[p.w3layouts.com/demos_new/template_demo/06-03-2018/chronicle-demo_Free/82078902/web/css/style.css]
[p.w3layouts.com/demos_new/template_demo/06-03-2018/chronicle-demo_Free/82078902/web/fonts/fontawesome-webfont3e6e.eot]
[p.w3layouts.com/demos_new/template_demo/06-03-2018/chronicle-demo_Free/82078902/web/fonts/fontawesome-webfontd41d.eot]
[p.w3layouts.com/demos_new/template_demo/06-03-2018/chronicle-demo_Free/82078902/web/fonts/fontawesome-webfont3e6e.woff2]
[p.w3layouts.com/demos_new/template_demo/06-03-2018/chronicle-demo_Free/82078902/web/fonts/fontawesome-webfont3e6e.woff]
[p.w3layouts.com/demos_new/template_demo/06-03-2018/chronicle-demo_Free/82078902/web/fonts/fontawesome-webfont3e6e.ttf]
[p.w3layouts.com/demos_new/template_demo/06-03-2018/chronicle-demo_Free/82078902/web/css/font-awesome.css]
[fonts.googleapis.com/css7f00.css]
[fonts.googleapis.com/css3650.css]
[fonts.googleapis.com/cssad13.css]
[p.w3layouts.com/demos_new/template_demo/06-03-2018/chronicle-demo_Free/82078902/web/fonts/fontawesome-webfont3e6e.svg]
[p.w3layouts.com/demos_new/template_demo/06-03-2018/chronicle-demo_Free/82078902/web/css/animate.min.css]
[p.w3layouts.com/demos_new/template_demo/06-03-2018/chronicle-demo_Free/82078902/web/css/jquery.desoslide.css]
[p.w3layouts.com/demos_new/template_demo/06-03-2018/chronicle-demo_Free/82078902/web/images/l3.jpg]
[p.w3layouts.com/demos_new/template_demo/06-03-2018/chronicle-demo_Free/82078902/web/images/lt3.jpg]
[p.w3layouts.com/demos_new/template_demo/06-03-2018/chronicle-demo_Free/82078902/web/images/l2.jpg]
[p.w3layouts.com/demos_new/template_demo/06-03-2018/chronicle-demo_Free/82078902/web/images/lt2.jpg]
[p.w3layouts.com/demos_new/template_demo/06-03-2018/chronicle-demo_Free/82078902/web/images/l5.jpg]
[p.w3layouts.com/demos_new/template_demo/06-03-2018/chronicle-demo_Free/82078902/web/images/lt5.jpg]
[p.w3layouts.com/demos_new/template_demo/06-03-2018/chronicle-demo_Free/82078902/web/images/l4.jpg]
[p.w3layouts.com/demos_new/template_demo/06-03-2018/chronicle-demo_Free/82078902/web/images/lt4.jpg]
[p.w3layouts.com/demos_new/template_demo/06-03-2018/chronicle-demo_Free/82078902/web/images/l1.jpg]
[p.w3layouts.com/demos_new/template_demo/06-03-2018/chronicle-demo_Free/82078902/web/images/lt1.jpg]
[p.w3layouts.com/demos_new/template_demo/06-03-2018/chronicle-demo_Free/82078902/web/images/l6.jpg]
[p.w3layouts.com/demos_new/template_demo/06-03-2018/chronicle-demo_Free/82078902/web/images/lt6.jpg]
[p.w3layouts.com/demos_new/template_demo/06-03-2018/chronicle-demo_Free/82078902/web/images/l7.jpg]
[p.w3layouts.com/demos_new/template_demo/06-03-2018/chronicle-demo_Free/82078902/web/images/lt7.jpg]
[p.w3layouts.com/demos_new/template_demo/06-03-2018/chronicle-demo_Free/82078902/web/images/l8.jpg]
[p.w3layouts.com/demos_new/template_demo/06-03-2018/chronicle-demo_Free/82078902/web/images/lt8.jpg]
[p.w3layouts.com/demos_new/template_demo/06-03-2018/chronicle-demo_Free/82078902/web/js/jquery.desoslide.min.js]
[p.w3layouts.com/demos_new/template_demo/06-03-2018/chronicle-demo_Free/82078902/web/about.html]
[p.w3layouts.com/demos_new/template_demo/06-03-2018/chronicle-demo_Free/82078902/web/js/demo.js]
[p.w3layouts.com/demos_new/template_demo/06-03-2018/chronicle-demo_Free/82078902/web/css/checkout.css]
[p.w3layouts.com/demos_new/template_demo/06-03-2018/chronicle-demo_Free/82078902/web/css/jquery-ui1.css]
[p.w3layouts.com/demos_new/template_demo/06-03-2018/chronicle-demo_Free/82078902/web/images/lib8.jpg]
[p.w3layouts.com/demos_new/template_demo/06-03-2018/chronicle-demo_Free/82078902/web/images/lib7.jpg]
[p.w3layouts.com/demos_new/template_demo/06-03-2018/chronicle-demo_Free/82078902/web/images/lib3.jpg]
[p.w3layouts.com/demos_new/template_demo/06-03-2018/chronicle-demo_Free/82078902/web/images/lib6.jpg]
[p.w3layouts.com/demos_new/template_demo/06-03-2018/chronicle-demo_Free/82078902/web/images/lib2.jpg]
[p.w3layouts.com/demos_new/template_demo/06-03-2018/chronicle-demo_Free/82078902/web/images/lib5.jpg]
[p.w3layouts.com/demos_new/template_demo/06-03-2018/chronicle-demo_Free/82078902/web/images/lib4.jpg]
[p.w3layouts.com/demos_new/template_demo/06-03-2018/chronicle-demo_Free/82078902/web/images/lib1.jpg]
[p.w3layouts.com/demos_new/template_demo/06-03-2018/chronicle-demo_Free/82078902/web/shop.html]
[p.w3layouts.com/demos_new/template_demo/06-03-2018/chronicle-demo_Free/82078902/web/css/flexslider.css]
[p.w3layouts.com/demos_new/template_demo/06-03-2018/chronicle-demo_Free/82078902/web/images/s2.jpg]
[p.w3layouts.com/demos_new/template_demo/06-03-2018/chronicle-demo_Free/82078902/web/images/s3.png]
[p.w3layouts.com/demos_new/template_demo/06-03-2018/chronicle-demo_Free/82078902/web/js/imagezoom.js]
[p.w3layouts.com/demos_new/template_demo/06-03-2018/chronicle-demo_Free/82078902/web/single_product.html]
[p.w3layouts.com/demos_new/template_demo/06-03-2018/chronicle-demo_Free/82078902/web/checkout.html]
[p.w3layouts.com/demos_new/template_demo/06-03-2018/chronicle-demo_Free/82078902/web/js/jquery.flexslider.js]
[p.w3layouts.com/demos_new/template_demo/06-03-2018/chronicle-demo_Free/82078902/web/css/easy-responsive-tabs.css]
[p.w3layouts.com/demos_new/template_demo/06-03-2018/chronicle-demo_Free/82078902/web/js/jquery-ui.js]
[p.w3layouts.com/demos_new/template_demo/06-03-2018/chronicle-demo_Free/82078902/web/js/easy-responsive-tabs.js]
[p.w3layouts.com/demos_new/template_demo/06-03-2018/chronicle-demo_Free/82078902/web/js/creditly.js]
[p.w3layouts.com/demos_new/template_demo/06-03-2018/chronicle-demo_Free/82078902/web/payment.html]
[p.w3layouts.com/demos_new/template_demo/06-03-2018/chronicle-demo_Free/82078902/web/css/creditly.css]
[p.w3layouts.com/demos_new/template_demo/06-03-2018/chronicle-demo_Free/82078902/web/css/default.css]
[p.w3layouts.com/demos_new/template_demo/06-03-2018/chronicle-demo_Free/82078902/web/footer.html]
[p.w3layouts.com/demos_new/template_demo/06-03-2018/chronicle-demo_Free/82078902/web/footer1.html]
[p.w3layouts.com/demos_new/template_demo/06-03-2018/chronicle-demo_Free/82078902/web/css/footer1.css]
[p.w3layouts.com/demos_new/template_demo/06-03-2018/chronicle-demo_Free/82078902/web/css/footer2.css]
[p.w3layouts.com/demos_new/template_demo/06-03-2018/chronicle-demo_Free/82078902/web/footer2.html]
[p.w3layouts.com/demos_new/template_demo/06-03-2018/chronicle-demo_Free/82078902/web/comedy.html]
[p.w3layouts.com/demos_new/template_demo/06-03-2018/chronicle-demo_Free/82078902/web/footer3.html]
[p.w3layouts.com/demos_new/template_demo/06-03-2018/chronicle-demo_Free/82078902/web/css/footer3.css]
[p.w3layouts.com/demos_new/template_demo/06-03-2018/chronicle-demo_Free/82078902/web/footer4.html]
[p.w3layouts.com/demos_new/template_demo/06-03-2018/chronicle-demo_Free/82078902/web/contact.html]
[p.w3layouts.com/demos_new/template_demo/06-03-2018/chronicle-demo_Free/82078902/web/login.html]
[p.w3layouts.com/demos_new/template_demo/06-03-2018/chronicle-demo_Free/82078902/web/css/footer4.css]
[fonts.googleapis.com/index.html]
[w3layouts.b-cdn.net/wp-content/cache/breeze-minification/css/breeze_356a7cbe98c5b5f01261bdec3907906a69686cd73e4fba0d53b907594b28d3866ee8d84ab2c6a5e3b6e5ce1261c145a28af618209321813d7383abcd895d51b8.css]
[w3layouts.com/page/2/index.html]
[w3layouts.b-cdn.net/wp-includes/js/jquery/jquery.minf43b.js]
[w3layouts.b-cdn.net/wp-includes/js/jquery/jquery-migrate.min5589.js]
[w3layouts.b-cdn.net/wp-includes/js/dist/vendor/react.mine1ab.js]
[w3layouts.b-cdn.net/wp-includes/js/dist/vendor/react-jsx-runtime.mincb06.js]
[w3layouts.b-cdn.net/wp-includes/js/dist/autop.min33af.js]
[w3layouts.b-cdn.net/wp-includes/js/dist/vendor/wp-polyfill.min2c7c.js]
[w3layouts.com/feed/index.html]
[w3layouts.b-cdn.net/wp-includes/js/dist/blob.mind59a.js]
[w3layouts.b-cdn.net/wp-includes/js/dist/block-serialization-default-parser.min9b19.js]
[w3layouts.b-cdn.net/wp-includes/js/dist/hooks.min4fdd.js]
[w3layouts.b-cdn.net/wp-includes/js/dist/deprecated.min0a8b.js]
[w3layouts.b-cdn.net/wp-includes/js/dist/dom.min05c5.js]
[w3layouts.b-cdn.net/wp-includes/js/dist/vendor/react-dom.mine1ab.js]
[w3layouts.b-cdn.net/wp-includes/js/dist/escape-html.min3a9d.js]
[w3layouts.b-cdn.net/wp-includes/js/dist/element.min1596.js]
[w3layouts.b-cdn.net/wp-includes/js/dist/is-shallow-equal.mincb09.js]
[w3layouts.b-cdn.net/wp-includes/js/dist/i18n.minc33c.js]
[w3layouts.b-cdn.net/wp-includes/js/dist/keycodes.min8cc0.js]
[w3layouts.b-cdn.net/wp-includes/js/dist/priority-queue.minc7db.js]
[w3layouts.b-cdn.net/wp-includes/js/dist/compose.min7506.js]
[w3layouts.b-cdn.net/wp-includes/js/dist/private-apis.min98d3.js]
[w3layouts.b-cdn.net/wp-includes/js/dist/redux-routine.mineef5.js]
[w3layouts.b-cdn.net/wp-includes/js/dist/data.min1020.js]
[w3layouts.b-cdn.net/wp-includes/js/dist/html-entities.min5b55.js]
[w3layouts.b-cdn.net/wp-includes/js/dist/dom-ready.min5346.js]
[w3layouts.b-cdn.net/wp-includes/js/dist/a11y.min3f73.js]
[w3layouts.b-cdn.net/wp-includes/js/dist/rich-text.mina8c3.js]
[w3layouts.b-cdn.net/wp-includes/js/dist/shortcode.minb46d.js]
[w3layouts.b-cdn.net/wp-includes/js/dist/warning.min85d7.js]
[w3layouts.b-cdn.net/wp-includes/js/dist/blocks.minb7f2.js]
[w3layouts.b-cdn.net/wp-includes/js/dist/vendor/moment.minf799.js]
[w3layouts.b-cdn.net/wp-includes/js/dist/date.min6b5c.js]
[w3layouts.b-cdn.net/wp-includes/js/dist/primitives.min4e94.js]
[w3layouts.b-cdn.net/wp-includes/js/dist/components.min3cdf.js]
[w3layouts.b-cdn.net/wp-includes/js/underscore.min3ab8.js]
[w3layouts.b-cdn.net/wp-includes/js/wp-util.mind1c0.js]
[w3layouts.b-cdn.net/wp-includes/js/dist/plugins.minb4a0.js]
[w3layouts.b-cdn.net/wp-content/themes/W3layouts/assets/js/slick.minc245.js]
[w3layouts.b-cdn.net/wp-content/plugins/cartzillagb/dist/frontend_blocks19f6.js]
[w3layouts.b-cdn.net/wp-content/plugins/breeze/assets/js/js-front-end/breeze-prefetch-links.min8c0f.js]
[w3layouts.b-cdn.net/wp-content/plugins/woocommerce/assets/js/jquery-blockui/jquery.blockUI.mina535.js]
[w3layouts.b-cdn.net/wp-content/plugins/woocommerce/assets/js/frontend/add-to-cart.min519f.js]
[w3layouts.b-cdn.net/wp-content/plugins/woocommerce/assets/js/js-cookie/js.cookie.min6761.js]
[w3layouts.b-cdn.net/wp-content/plugins/woocommerce/assets/js/frontend/woocommerce.min519f.js]
[w3layouts.b-cdn.net/wp-content/themes/W3layouts/assets/js/popper.mind1c0.js]
[w3layouts.b-cdn.net/wp-content/themes/W3layouts/assets/js/bootstrap.min5b31.js]
[w3layouts.b-cdn.net/wp-content/themes/W3layouts/assets/js/tiny-slider.minab7d.js]
[w3layouts.b-cdn.net/wp-content/themes/W3layouts/assets/js/simplebar.minb2f9.js]
[w3layouts.b-cdn.net/wp-content/themes/W3layouts/assets/js/smooth-scroll.minaaa1.js]
[w3layouts.b-cdn.net/wp-content/themes/W3layouts/assets/js/vendor/lightgallery.minc358.js]
[w3layouts.com/wp-json/index.html]
[w3layouts.b-cdn.net/wp-content/uploads/2020/11/cropped-w3layouts-logo-512-32x32.png]
[w3layouts.b-cdn.net/wp-content/uploads/2020/11/cropped-w3layouts-logo-512-192x192.png]
[w3layouts.b-cdn.net/wp-content/uploads/2020/11/cropped-w3layouts-logo-512-180x180.png]
[w3layouts.com/template-category/premium-website-templates/index.html]
[w3layouts.com/template-category/email-templates/index.html]
[w3layouts.com/template-category/autos-transportation/index.html]
[w3layouts.com/template-category/wordpress/index.html]
[w3layouts.com/shop/index.html]
[w3layouts.com/template-category/corporate-business-website-templates/index.html]
[w3layouts.com/template-category/ecommerce-online-shopping-website-templates/index.html]
[w3layouts.com/template-category/agriculture/index.html]
[w3layouts.com/template-category/classifieds-ads-website-templates/index.html]
[w3layouts.com/template-category/banking/index.html]
[w3layouts.com/template-category/video-background-templates/index.html]
[w3layouts.com/template-category/community/index.html]
[w3layouts.com/template-category/education/index.html]
[w3layouts.com/template-category/industrial-web-templates/index.html]
[w3layouts.com/template-category/human-resource-management/index.html]
[w3layouts.com/template-category/personal/index.html]
[w3layouts.com/template-category/fashion/index.html]
[w3layouts.com/template-category/gallery-templates/index.html]
[w3layouts.com/template-category/wedding/index.html]
[w3layouts.com/template-category/animals-pets/index.html]
[w3layouts.com/template-category/basic-website-templates/index.html]
[w3layouts.com/template-category/blogging-template/index.html]
[w3layouts.com/template-category/home-maintenance-service/index.html]
[w3layouts.com/template-category/interior-and-furniture/index.html]
[w3layouts.com/template-category/exterior-design/index.html]
[w3layouts.com/template-category/laundry/index.html]
[w3layouts.com/template-category/entertainment/index.html]
[w3layouts.com/template-category/real-estate-website-templates/index.html]
[w3layouts.com/template-category/gaming-website-themes-templates/index.html]
[w3layouts.com/template-category/mobile-content-portal/index.html]
[w3layouts.com/template-category/sports/index.html]
[w3layouts.com/template-category/music-web-templates/index.html]
[w3layouts.com/template-category/video-content-portal/index.html]
[w3layouts.com/template-category/ui-kits/index.html]
[w3layouts.com/template-category/admin-panel/index.html]
[w3layouts.com/template-category/free-web-elements/index.html]
[w3layouts.com/template-category/page-not-found/index.html]
[w3layouts.com/template-category/under-construction-template/index.html]
[w3layouts.com/template-category/web-hosting-and-domain-templates/index.html]
[w3layouts.com/template-category/society-people/index.html]
[w3layouts.com/template-category/medical/index.html]
[w3layouts.com/template-category/beauty-and-spa/index.html]
[w3layouts.com/template-category/mobile-application-templates/index.html]
[w3layouts.com/template-category/travel/index.html]
[w3layouts.com/template-category/hotels-and-restaurants/index.html]
[w3layouts.com/blog/index.html]
[w3layouts.com/template-category/free-website-template/index.html]
[w3layouts.com/my-account/lost-password/index.html]
[w3layouts.com/merry-webmas-bundles-collection/index.html]
[w3layouts.com/wp-login8b2a.html]
[w3layouts.com/privacy-policy/index.html]
[w3layouts.b-cdn.net/wp-content/uploads/2020/11/cropped-cropped-cropped-248x63-white-1.png]
[w3layouts.b-cdn.net/wp-content/uploads/2020/11/cropped-cropped-248x63-white-1-1.png]
[w3layouts.com/cart/index.html]
[w3layouts.b-cdn.net/wp-content/uploads/2025/03/prowess-lift-website-template-350x219.jpg]
[w3layouts.b-cdn.net/wp-content/uploads/2025/02/wp-elite-pack-premium-350x219.jpg]
[w3layouts.com/bundles-collection/index.html]
[pagead2.googlesyndication.com/pagead/js/f.txt]
[w3layouts.com/indexa0bc.html]
[w3layouts.com/index5156.html]
[w3layouts.com/index6a50.html]
[w3layouts.com/index28f0.html]
[w3layouts.b-cdn.net/wp-content/uploads/2025/02/boostrap-pro-kit-350x219.jpg]
[w3layouts.com/template/wp-elite-pack-wordpress-themes/index.html]
[w3layouts.b-cdn.net/wp-content/uploads/2025/01/intrados-350x219.jpg]
[w3layouts.com/template/prowess-lift-gym-fitness-website-template/index.html]
[w3layouts.b-cdn.net/wp-content/uploads/2024/12/christmax-website-350x219.jpg]
[w3layouts.com/template/intrados-interior-furniture-website-template/index.html]
[w3layouts.b-cdn.net/wp-content/uploads/2024/12/interiority-350x219.jpg]
[w3layouts.com/template/chrismax-festive-christmas-website-template-for-events-and-celebrations/index.html]
[w3layouts.com/template/bootstrap-pro-kit-bundle/index.html]
[w3layouts.b-cdn.net/wp-content/uploads/2024/12/ultimate-bundle-350x219.jpg]
[w3layouts.com/template/interiority-interior-design-website-template/index.html]
[w3layouts.com/template/ultimate-bundle-collection/index.html]
[w3layouts.com/template/premium-bundle-collection/index.html]
[w3layouts.b-cdn.net/wp-content/uploads/2024/12/premium-bundle-350x219.jpg]
[w3layouts.b-cdn.net/wp-content/uploads/2024/12/classic-bundle-350x219.jpg]
[w3layouts.b-cdn.net/wp-content/uploads/2024/10/trace-website-template-350x219.jpg]
[w3layouts.b-cdn.net/wp-content/uploads/2024/09/workup-350x219.jpg]
[w3layouts.b-cdn.net/wp-content/uploads/2024/07/tours-website-template-350x219.jpg]
[w3layouts.com/template/classic-bundle-collection/index.html]
[w3layouts.com/template/trace-travel-website-template/index.html]
[w3layouts.com/template/tours-travel-website-template/index.html]
[w3layouts.com/page/3/index.html]
[w3layouts.com/page/4/index.html]
[w3layouts.com/template/workup-modern-business-consulting-website-template/index.html]
[w3layouts.com/page/346/index.html]
[w3layouts.com/page/347/index.html]
[w3layouts.com/page/348/index.html]
[w3layouts.com/wordpress/index.html]
[w3layouts.com/wedding/index.html]
[w3layouts.com/web-hosting-and-domain-templates/index.html]
[w3layouts.com/free-web-elements/index.html]
[w3layouts.com/video-content-portal/index.html]
[w3layouts.com/video-background-templates/index.html]
[w3layouts.com/under-construction-template/index.html]
[w3layouts.com/uncategorized]
[w3layouts.com/ultimate-webmas-bundle]
[w3layouts.com/ultimate-bundle-50]
[w3layouts.com/ui-kits/index.html]
[w3layouts.com/travel/index.html]
[w3layouts.com/sports/index.html]
[w3layouts.com/society-people/index.html]
[w3layouts.com/real-estate-website-templates/index.html]
[w3layouts.com/premium-website-templates/index.html]
[w3layouts.com/gallery-templates/index.html]
[w3layouts.com/personal/index.html]
[w3layouts.com/banking/index.html]
[w3layouts.com/music-web-templates/index.html]
[w3layouts.com/multi-purpose]
[w3layouts.com/mobile-content-portal/index.html]
[w3layouts.com/mobile-application-templates/index.html]
[w3layouts.com/medical/index.html]
[w3layouts.com/laundry/index.html]
[w3layouts.com/interior-and-furniture/index.html]
[w3layouts.com/industrial-web-templates]
[w3layouts.com/index.html]
[p.w3layouts.com/demos_new/template_demo/06-03-2018/chronicle-demo_Free/82078902/web/fonts/glyphicons-halflings-regular.html]
[p.w3layouts.com/demos_new/template_demo/06-03-2018/chronicle-demo_Free/82078902/web/fonts/glyphicons-halflings-regulard41d.html]
[p.w3layouts.com/demos_new/template_demo/06-03-2018/chronicle-demo_Free/82078902/web/fonts/glyphicons-halflings-regular-2.html]
[p.w3layouts.com/demos_new/template_demo/06-03-2018/chronicle-demo_Free/82078902/web/fonts/glyphicons-halflings-regular-3.html]
[p.w3layouts.com/demos_new/template_demo/06-03-2018/chronicle-demo_Free/82078902/web/images/bg1.html]
[p.w3layouts.com/demos_new/template_demo/06-03-2018/chronicle-demo_Free/82078902/web/images/2.html]
[p.w3layouts.com/demos_new/template_demo/06-03-2018/chronicle-demo_Free/82078902/web/images/a2.html]
[p.w3layouts.com/demos_new/template_demo/06-03-2018/chronicle-demo_Free/82078902/web/fonts/fontawesome-webfont3e6e.svg]
[p.w3layouts.com/demos_new/template_demo/06-03-2018/chronicle-demo_Free/82078902/web/css/animate.min.css]
[p.w3layouts.com/demos_new/template_demo/06-03-2018/chronicle-demo_Free/82078902/web/css/jquery.desoslide.css]
[p.w3layouts.com/demos_new/template_demo/06-03-2018/chronicle-demo_Free/82078902/web/css/checkout.css]
[p.w3layouts.com/demos_new/template_demo/06-03-2018/chronicle-demo_Free/82078902/web/css/jquery-ui1.css]
[p.w3layouts.com/demos_new/template_demo/06-03-2018/chronicle-demo_Free/82078902/web/css/flexslider.css]
[p.w3layouts.com/demos_new/template_demo/06-03-2018/chronicle-demo_Free/82078902/web/css/easy-responsive-tabs.css]
[p.w3layouts.com/demos_new/template_demo/06-03-2018/chronicle-demo_Free/82078902/web/css/creditly.css]
[p.w3layouts.com/demos_new/template_demo/06-03-2018/chronicle-demo_Free/82078902/web/css/default.html]
[p.w3layouts.com/demos_new/template_demo/06-03-2018/chronicle-demo_Free/82078902/web/css/footer1.css]
[p.w3layouts.com/demos_new/template_demo/06-03-2018/chronicle-demo_Free/82078902/web/css/footer2.css]
[p.w3layouts.com/demos_new/template_demo/06-03-2018/chronicle-demo_Free/82078902/web/comedy.html]
[p.w3layouts.com/demos_new/template_demo/06-03-2018/chronicle-demo_Free/82078902/web/css/footer3.css]
[p.w3layouts.com/demos_new/template_demo/06-03-2018/chronicle-demo_Free/82078902/web/css/footer4.css]
[w3layouts.com/xmlrpc.html]
[w3layouts.b-cdn.net/wp-content/cache/breeze-minification/css/breeze_356a7cbe98c5b5f01261bdec3907906a69686cd73e4fba0d53b907594b28d3866ee8d84ab2c6a5e3b6e5ce1261c145a28af618209321813d7383abcd895d51b8.css]
[w3layouts.com/page/2/index.html]
[fonts.googleapis.com/index.html]
[fonts.googleapis.com/css7e83.css]
[w3layouts.com/wp-json/index.html]
[w3layouts.com/xmlrpc0db0.html]
[www.googletagmanager.com/gtm5445.html]
[w3layouts.com/template-category/premium-website-templates/index.html]
[w3layouts.com/template-category/wordpress/index.html]
[w3layouts.com/shop/index.html]
[w3layouts.com/template-category/autos-transportation/index.html]
[w3layouts.com/template-category/email-templates/index.html]
[w3layouts.com/template-category/corporate-business-website-templates/index.html]
[w3layouts.com/template-category/ecommerce-online-shopping-website-templates/index.html]
[w3layouts.com/template-category/classifieds-ads-website-templates/index.html]
[w3layouts.com/template-category/agriculture/index.html]
[w3layouts.com/template-category/banking/index.html]
[w3layouts.com/template-category/video-background-templates/index.html]
[w3layouts.com/template-category/community/index.html]
[w3layouts.com/template-category/education/index.html]
[w3layouts.com/template-category/industrial-web-templates/index.html]
[w3layouts.com/template-category/human-resource-management/index.html]
[w3layouts.com/template-category/personal/index.html]
[w3layouts.com/template-category/fashion/index.html]
[w3layouts.com/template-category/gallery-templates/index.html]
[w3layouts.com/template-category/wedding/index.html]
[w3layouts.com/template-category/animals-pets/index.html]
[w3layouts.com/template-category/basic-website-templates/index.html]
[w3layouts.com/template-category/blogging-template/index.html]
[w3layouts.com/template-category/home-maintenance-service/index.html]
[w3layouts.com/template-category/interior-and-furniture/index.html]
[w3layouts.com/template-category/real-estate-website-templates/index.html]
[w3layouts.com/template-category/exterior-design/index.html]
[w3layouts.com/template-category/laundry/index.html]
[w3layouts.com/template-category/entertainment/index.html]
[w3layouts.com/template-category/gaming-website-themes-templates/index.html]
[w3layouts.com/template-category/mobile-content-portal/index.html]
[w3layouts.com/template-category/music-web-templates/index.html]
[w3layouts.com/template-category/sports/index.html]
[w3layouts.com/template-category/video-content-portal/index.html]
[w3layouts.com/template-category/ui-kits/index.html]
[w3layouts.com/template-category/admin-panel/index.html]
[w3layouts.com/template-category/free-web-elements/index.html]
[w3layouts.com/template-category/page-not-found/index.html]
[w3layouts.com/template-category/under-construction-template/index.html]
[w3layouts.com/template-category/web-hosting-and-domain-templates/index.html]
[w3layouts.com/template-category/society-people/index.html]
[w3layouts.com/template-category/medical/index.html]
[w3layouts.com/template-category/beauty-and-spa/index.html]
[w3layouts.com/template-category/mobile-application-templates/index.html]
[w3layouts.com/template-category/travel/index.html]
[w3layouts.com/template-category/hotels-and-restaurants/index.html]
[w3layouts.com/blog/index.html]
[w3layouts.com/template-category/free-website-template/index.html]
[w3layouts.com/merry-webmas-bundles-collection/index.html]
[w3layouts.com/my-account/lost-password/index.html]
[w3layouts.com/wp-login8b2a.html]
[w3layouts.com/privacy-policy/index.html]
[w3layouts.com/cart/index.html]
[w3layouts.com/bundles-collection/index.html]
[w3layouts.com/index5156.html]
[w3layouts.com/indexa0bc.html]
[w3layouts.com/index28f0.html]
[w3layouts.com/index6a50.html]
[w3layouts.com/template/prowess-lift-gym-fitness-website-template/index.html]
[w3layouts.com/template/wp-elite-pack-wordpress-themes/index.html]
[w3layouts.com/template/bootstrap-pro-kit-bundle/index.html]
[w3layouts.com/template/intrados-interior-furniture-website-template/index.html]
[w3layouts.com/template/chrismax-festive-christmas-website-template-for-events-and-celebrations/index.html]
[w3layouts.com/template/interiority-interior-design-website-template/index.html]
[w3layouts.com/template/ultimate-bundle-collection/index.html]
[w3layouts.com/template/premium-bundle-collection/index.html]
[w3layouts.com/template/classic-bundle-collection/index.html]
[w3layouts.com/template/trace-travel-website-template/index.html]
[w3layouts.com/template/workup-modern-business-consulting-website-template/index.html]
[w3layouts.com/template/tours-travel-website-template/index.html]
[w3layouts.com/page/3/index.html]
[w3layouts.com/page/4/index.html]
[w3layouts.com/page/346/index.html]
[w3layouts.com/page/347/index.html]
[w3layouts.com/page/348/index.html]
[w3layouts.com/wordpress/index.html]
[w3layouts.com/wedding/index.html]
[w3layouts.com/web-hosting-and-domain-templates/index.html]
[w3layouts.com/free-web-elements/index.html]
[w3layouts.com/video-content-portal/index.html]
[w3layouts.com/video-background-templates/index.html]
[w3layouts.com/under-construction-template/index.html]
[w3layouts.com/uncategorized.html]
[w3layouts.com/ultimate-webmas-bundle.html]
[w3layouts.com/ultimate-bundle-50.html]
[w3layouts.com/ui-kits/index.html]
[w3layouts.com/travel/index.html]
[w3layouts.com/sports/index.html]
[w3layouts.com/society-people/index.html]
[w3layouts.com/real-estate-website-templates/index.html]
[w3layouts.com/premium-website-templates/index.html]
[w3layouts.com/gallery-templates/index.html]
[w3layouts.com/personal/index.html]
[w3layouts.com/banking/index.html]
[w3layouts.com/music-web-templates/index.html]
[w3layouts.com/multi-purpose.html]
[w3layouts.com/mobile-content-portal/index.html]
[w3layouts.com/mobile-application-templates/index.html]
[w3layouts.com/medical/index.html]
[w3layouts.com/laundry/index.html]
[w3layouts.com/interior-and-furniture/index.html]
[w3layouts.com/industrial-web-templates.html]
