[magenta-mouse-826487.hostingersite.com/index.html]
[backblue.gif]
[fade.gif]
[index.html]
[magenta-mouse-826487.hostingersite.com/feed/index.html]
[magenta-mouse-826487.hostingersite.com/comments/feed/index.html]
[magenta-mouse-826487.hostingersite.com/home-extended/feed/index.html]
[magenta-mouse-826487.hostingersite.com/index-2.html]
[magenta-mouse-826487.hostingersite.com/wp-includes/css/dist/block-library/style.min.css]
[magenta-mouse-826487.hostingersite.com/wp-content/plugins/contact-form-7/includes/css/styles.css]
[magenta-mouse-826487.hostingersite.com/wp-content/themes/salient/css/rgs.css]
[magenta-mouse-826487.hostingersite.com/wp-content/themes/salient/css/font-awesome.min.css]
[magenta-mouse-826487.hostingersite.com/wp-content/themes/salient/style.css]
[magenta-mouse-826487.hostingersite.com/wp-content/themes/salient/css/magnific.css]
[magenta-mouse-826487.hostingersite.com/wp-content/themes/salient/css/responsive.css]
[magenta-mouse-826487.hostingersite.com/wp-content/themes/salient/css/nectar-slider.css]
[magenta-mouse-826487.hostingersite.com/wp-content/themes/salient/css/iconsmind.css]
[magenta-mouse-826487.hostingersite.com/wp-content/themes/salient/css/ascend.css]
[magenta-mouse-826487.hostingersite.com/wp-content/plugins/js_composer_salient/assets/css/js_composer.min.css]
[magenta-mouse-826487.hostingersite.com/wp-includes/js/jquery/jquery.js]
[magenta-mouse-826487.hostingersite.com/wp-includes/js/jquery/jquery-migrate.min.js]
[magenta-mouse-826487.hostingersite.com/wp-json/index.html]
[magenta-mouse-826487.hostingersite.com/wp-json/oembed/1.0/embedefe1e207.json]
[magenta-mouse-826487.hostingersite.com/img/icons/nectar-loading.html]
[magenta-mouse-826487.hostingersite.com/img/textures/diagonal_line.html]
[magenta-mouse-826487.hostingersite.com/wp-content/uploads/2017/09/ues-logo.png]
[magenta-mouse-826487.hostingersite.com/wp-content/uploads/2017/09/ues-banner-1.png]
[magenta-mouse-826487.hostingersite.com/wp-content/uploads/2013/06/diag-background.jpg]
[magenta-mouse-826487.hostingersite.com/wp-content/uploads/2013/06/power-poles-503935_1920.jpg]
[magenta-mouse-826487.hostingersite.com/wp-content/themes/salient/css/fonts/svg/font/arrows_styles.css]
[magenta-mouse-826487.hostingersite.com/wp-includes/js/jquery/ui/core.min.js]
[magenta-mouse-826487.hostingersite.com/wp-includes/js/jquery/ui/widget.min.js]
[magenta-mouse-826487.hostingersite.com/wp-includes/js/jquery/ui/position.min.js]
[magenta-mouse-826487.hostingersite.com/wp-includes/js/jquery/ui/menu.min.js]
[magenta-mouse-826487.hostingersite.com/wp-includes/js/dist/vendor/wp-polyfill.min.js]
[magenta-mouse-826487.hostingersite.com/wp-includes/js/dist/vendor/wp-polyfill-fetch.min.js]
[magenta-mouse-826487.hostingersite.com/wp-includes/js/dist/vendor/wp-polyfill-node-contains.min.js]
[magenta-mouse-826487.hostingersite.com/wp-includes/js/dist/vendor/wp-polyfill-dom-rect.min.js]
[magenta-mouse-826487.hostingersite.com/wp-includes/js/dist/vendor/wp-polyfill-url.min.js]
[magenta-mouse-826487.hostingersite.com/wp-includes/js/dist/vendor/wp-polyfill-formdata.min.js]
[magenta-mouse-826487.hostingersite.com/wp-includes/js/dist/vendor/wp-polyfill-element-closest.min.js]
[magenta-mouse-826487.hostingersite.com/wp-includes/js/dist/dom-ready.min.js]
[magenta-mouse-826487.hostingersite.com/wp-includes/js/dist/a11y.min.js]
[magenta-mouse-826487.hostingersite.com/wp-includes/js/jquery/ui/autocomplete.min.js]
[magenta-mouse-826487.hostingersite.com/wp-content/themes/salient/nectar/assets/functions/ajax-search/wpss-search-suggest.js]
[magenta-mouse-826487.hostingersite.com/wp-content/plugins/contact-form-7/includes/js/scripts.js]
[magenta-mouse-826487.hostingersite.com/wp-content/themes/salient/js/priority.js]
[magenta-mouse-826487.hostingersite.com/wp-content/themes/salient/js/modernizr.js]
[magenta-mouse-826487.hostingersite.com/wp-content/themes/salient/js/imagesLoaded.min.js]
[magenta-mouse-826487.hostingersite.com/wp-content/themes/salient/js/magnific.js]
[magenta-mouse-826487.hostingersite.com/wp-content/themes/salient/js/superfish.js]
[magenta-mouse-826487.hostingersite.com/wp-content/themes/salient/js/init.js]
[magenta-mouse-826487.hostingersite.com/wp-content/themes/salient/js/nectar-slider.js]
[magenta-mouse-826487.hostingersite.com/wp-content/themes/salient/js/touchswipe.min.js]
[magenta-mouse-826487.hostingersite.com/wp-includes/js/comment-reply.min.js]
[magenta-mouse-826487.hostingersite.com/wp-includes/js/wp-embed.min.js]
[magenta-mouse-826487.hostingersite.com/index.html]
[magenta-mouse-826487.hostingersite.com/feed/index.html]
[magenta-mouse-826487.hostingersite.com/comments/feed/index.html]
[magenta-mouse-826487.hostingersite.com/home-extended/feed/index.html]
[magenta-mouse-826487.hostingersite.com/index-2.html]
[magenta-mouse-826487.hostingersite.com/wp-includes/css/dist/block-library/style.min.css]
[magenta-mouse-826487.hostingersite.com/wp-content/plugins/js_composer_salient/assets/js/dist/js_composer_front.min.js]
[magenta-mouse-826487.hostingersite.com/wp-content/plugins/contact-form-7/images/ajax-loader.gif]
[magenta-mouse-826487.hostingersite.com/wp-content/plugins/contact-form-7/includes/css/styles.css]
[magenta-mouse-826487.hostingersite.com/wp-content/themes/salient/css/rgs.css]
[magenta-mouse-826487.hostingersite.com/wp-content/themes/salient/css/fonts/fontawesome-webfont3ea63ea6.eot]
[magenta-mouse-826487.hostingersite.com/wp-content/themes/salient/css/fonts/fontawesome-webfontd41dd41d.eot]
[magenta-mouse-826487.hostingersite.com/wp-content/themes/salient/css/fonts/fontawesome-webfont.svg]
[magenta-mouse-826487.hostingersite.com/wp-content/themes/salient/css/fonts/fontawesome-webfont3ea63ea6.woff]
[magenta-mouse-826487.hostingersite.com/wp-content/themes/salient/css/font-awesome.min.css]
[magenta-mouse-826487.hostingersite.com/wp-content/themes/salient/css/fonts/fontawesome-webfont3ea63ea6.ttf]
[magenta-mouse-826487.hostingersite.com/wp-content/themes/salient/css/fonts/OpenSans-Light-webfont.eot]
[magenta-mouse-826487.hostingersite.com/wp-content/themes/salient/css/fonts/OpenSans-Light-webfontd41dd41d.eot]
[magenta-mouse-826487.hostingersite.com/wp-content/themes/salient/css/fonts/OpenSans-Light-webfont.woff]
[magenta-mouse-826487.hostingersite.com/wp-content/themes/salient/css/fonts/OpenSans-Light-webfont.ttf]
[magenta-mouse-826487.hostingersite.com/wp-content/themes/salient/css/fonts/OpenSans-Light-webfont.svg]
[magenta-mouse-826487.hostingersite.com/wp-content/themes/salient/css/fonts/OpenSans-Regular-webfont.eot]
[magenta-mouse-826487.hostingersite.com/wp-content/themes/salient/css/fonts/OpenSans-Regular-webfontd41dd41d.eot]
[magenta-mouse-826487.hostingersite.com/wp-content/themes/salient/css/fonts/OpenSans-Regular-webfont.woff]
[magenta-mouse-826487.hostingersite.com/wp-content/themes/salient/css/fonts/OpenSans-Regular-webfont.ttf]
[magenta-mouse-826487.hostingersite.com/wp-content/themes/salient/css/fonts/OpenSans-Regular-webfont.svg]
[magenta-mouse-826487.hostingersite.com/wp-content/themes/salient/css/fonts/OpenSans-Semibold-webfont.eot]
[magenta-mouse-826487.hostingersite.com/wp-content/themes/salient/css/fonts/OpenSans-Semibold-webfontd41dd41d.eot]
[magenta-mouse-826487.hostingersite.com/wp-content/themes/salient/css/fonts/OpenSans-Semibold-webfont.woff]
[magenta-mouse-826487.hostingersite.com/wp-content/themes/salient/css/fonts/OpenSans-Semibold-webfont.ttf]
[magenta-mouse-826487.hostingersite.com/wp-content/themes/salient/css/fonts/OpenSans-Semibold-webfont.svg]
[magenta-mouse-826487.hostingersite.com/wp-content/themes/salient/css/fonts/OpenSansBold-webfont.eot]
[magenta-mouse-826487.hostingersite.com/wp-content/themes/salient/css/fonts/OpenSansBold-webfontd41dd41d.eot]
[magenta-mouse-826487.hostingersite.com/wp-content/themes/salient/css/fonts/OpenSansBold-webfont.woff]
[magenta-mouse-826487.hostingersite.com/wp-content/themes/salient/css/fonts/OpenSansBold-webfont.ttf]
[magenta-mouse-826487.hostingersite.com/wp-content/themes/salient/css/fonts/OpenSansBold-webfont.svg]
[magenta-mouse-826487.hostingersite.com/wp-content/themes/salient/img/icons/loading-white-bg.gif]
[magenta-mouse-826487.hostingersite.com/wp-content/themes/salient/img/icons/social/vimeo-header-black.html]
[magenta-mouse-826487.hostingersite.com/wp-content/themes/salient/img/icons/social/behance-header-black.html]
[magenta-mouse-826487.hostingersite.com/wp-content/themes/salient/img/icons/mag-glass-mobile.png]
[magenta-mouse-826487.hostingersite.com/wp-content/themes/salient/img/icons/mag-glass-mobile@2x.png]
[magenta-mouse-826487.hostingersite.com/wp-content/themes/salient/img/icons/slider-arrows-small.png]
[magenta-mouse-826487.hostingersite.com/wp-content/themes/salient/img/icons/jplayer.png]
[magenta-mouse-826487.hostingersite.com/wp-content/themes/salient/img/transparent.png]
[magenta-mouse-826487.hostingersite.com/wp-content/themes/salient/img/icons/leaflet/marker-shadow.png]
[magenta-mouse-826487.hostingersite.com/wp-content/themes/salient/img/icons/quote.png]
[magenta-mouse-826487.hostingersite.com/wp-content/themes/salient/img/icons/link.png]
[magenta-mouse-826487.hostingersite.com/wp-content/themes/salient/img/icons/status.png]
[magenta-mouse-826487.hostingersite.com/wp-content/themes/salient/img/icons/aside.png]
[magenta-mouse-826487.hostingersite.com/wp-content/themes/salient/img/icons/quote@2x.png]
[magenta-mouse-826487.hostingersite.com/wp-content/themes/salient/img/icons/link@2x.png]
[magenta-mouse-826487.hostingersite.com/wp-content/themes/salient/img/icons/status@2x.png]
[magenta-mouse-826487.hostingersite.com/wp-content/themes/salient/img/icons/aside@2x.png]
[magenta-mouse-826487.hostingersite.com/wp-content/themes/salient/img/icons/portfolio-arrows.png]
[magenta-mouse-826487.hostingersite.com/wp-content/themes/salient/img/icons/portfolio-arrows@2x.png]
[magenta-mouse-826487.hostingersite.com/wp-content/themes/salient/img/icons/comment-children-line.jpg]
[magenta-mouse-826487.hostingersite.com/wp-content/themes/salient/css/fonts/icomoon.eot]
[magenta-mouse-826487.hostingersite.com/wp-content/themes/salient/css/fonts/icomoond41dd41d.eot]
[magenta-mouse-826487.hostingersite.com/wp-content/themes/salient/css/fonts/icomoon.woff]
[magenta-mouse-826487.hostingersite.com/wp-content/themes/salient/css/fonts/icomoon.ttf]
[magenta-mouse-826487.hostingersite.com/wp-content/themes/salient/css/fonts/icomoon.svg]
[magenta-mouse-826487.hostingersite.com/wp-content/themes/salient/css/fonts/linecons.eot]
[magenta-mouse-826487.hostingersite.com/wp-content/themes/salient/css/fonts/lineconsd41dd41d.eot]
[magenta-mouse-826487.hostingersite.com/wp-content/themes/salient/css/fonts/linecons.ttf]
[magenta-mouse-826487.hostingersite.com/wp-content/themes/salient/css/fonts/linecons.woff]
[magenta-mouse-826487.hostingersite.com/wp-content/themes/salient/css/fonts/linecons.svg]
[magenta-mouse-826487.hostingersite.com/wp-content/themes/salient/css/fonts/steadysets.eot]
[magenta-mouse-826487.hostingersite.com/wp-content/themes/salient/css/fonts/steadysetsd41dd41d.eot]
[magenta-mouse-826487.hostingersite.com/wp-content/themes/salient/css/fonts/steadysets.ttf]
[magenta-mouse-826487.hostingersite.com/wp-content/themes/salient/css/fonts/steadysets.woff]
[magenta-mouse-826487.hostingersite.com/wp-content/themes/salient/style.css]
[magenta-mouse-826487.hostingersite.com/wp-content/themes/salient/css/magnific.css]
[magenta-mouse-826487.hostingersite.com/wp-content/themes/salient/css/responsive.css]
[magenta-mouse-826487.hostingersite.com/wp-content/themes/salient/css/fonts/steadysets.svg]
[magenta-mouse-826487.hostingersite.com/wp-content/themes/salient/img/textures/grid.png]
[magenta-mouse-826487.hostingersite.com/wp-content/themes/salient/css/nectar-slider.css]
[magenta-mouse-826487.hostingersite.com/wp-content/themes/salient/css/fonts/iconsmind218a218a.eot]
[magenta-mouse-826487.hostingersite.com/wp-content/themes/salient/css/fonts/iconsmind218a218a.ttf]
[magenta-mouse-826487.hostingersite.com/wp-content/themes/salient/css/fonts/iconsmind218a218a.woff]
[magenta-mouse-826487.hostingersite.com/wp-content/themes/salient/css/iconsmind.css]
[magenta-mouse-826487.hostingersite.com/wp-content/themes/salient/css/ascend.css]
[magenta-mouse-826487.hostingersite.com/wp-content/plugins/js_composer_salient/assets/vc/alert.png]
[magenta-mouse-826487.hostingersite.com/wp-content/themes/salient/css/fonts/iconsmind218a218a.svg]
[magenta-mouse-826487.hostingersite.com/wp-content/plugins/js_composer_salient/assets/vc/info.png]
[magenta-mouse-826487.hostingersite.com/wp-content/plugins/js_composer_salient/assets/vc/tick.png]
[magenta-mouse-826487.hostingersite.com/wp-content/plugins/js_composer_salient/assets/vc/exclamation.png]
[magenta-mouse-826487.hostingersite.com/wp-content/plugins/js_composer_salient/assets/images/icons/address-book.png]
[magenta-mouse-826487.hostingersite.com/wp-content/plugins/js_composer_salient/assets/images/icons/alarm-clock.png]
[magenta-mouse-826487.hostingersite.com/wp-content/plugins/js_composer_salient/assets/images/icons/anchor.png]
[magenta-mouse-826487.hostingersite.com/wp-content/plugins/js_composer_salient/assets/images/icons/application-image.png]
[magenta-mouse-826487.hostingersite.com/wp-content/plugins/js_composer_salient/assets/images/icons/arrow.png]
[magenta-mouse-826487.hostingersite.com/wp-content/plugins/js_composer_salient/assets/images/icons/asterisk.png]
[magenta-mouse-826487.hostingersite.com/wp-content/plugins/js_composer_salient/assets/images/icons/auction-hammer.png]
[magenta-mouse-826487.hostingersite.com/wp-content/plugins/js_composer_salient/assets/images/icons/balloon.png]
[magenta-mouse-826487.hostingersite.com/wp-content/plugins/js_composer_salient/assets/images/icons/balloon-buzz.png]
[magenta-mouse-826487.hostingersite.com/wp-content/plugins/js_composer_salient/assets/images/icons/balloon-facebook.png]
[magenta-mouse-826487.hostingersite.com/wp-content/plugins/js_composer_salient/assets/images/icons/balloon-twitter.png]
[magenta-mouse-826487.hostingersite.com/wp-content/plugins/js_composer_salient/assets/images/icons/battery-full.png]
[magenta-mouse-826487.hostingersite.com/wp-content/plugins/js_composer_salient/assets/images/icons/binocular.png]
[magenta-mouse-826487.hostingersite.com/wp-content/plugins/js_composer_salient/assets/images/icons/blue-document-excel.png]
[magenta-mouse-826487.hostingersite.com/wp-content/plugins/js_composer_salient/assets/images/icons/blue-document-image.png]
[magenta-mouse-826487.hostingersite.com/wp-content/plugins/js_composer_salient/assets/images/icons/blue-document-music.png]
[magenta-mouse-826487.hostingersite.com/wp-content/plugins/js_composer_salient/assets/images/icons/blue-document-office.png]
[magenta-mouse-826487.hostingersite.com/wp-content/plugins/js_composer_salient/assets/images/icons/blue-document-pdf.png]
[magenta-mouse-826487.hostingersite.com/wp-content/plugins/js_composer_salient/assets/images/icons/blue-document-powerpoint.png]
[magenta-mouse-826487.hostingersite.com/wp-content/plugins/js_composer_salient/assets/images/icons/blue-document-word.png]
[magenta-mouse-826487.hostingersite.com/wp-content/plugins/js_composer_salient/assets/images/icons/bookmark.png]
[magenta-mouse-826487.hostingersite.com/wp-content/plugins/js_composer_salient/assets/images/icons/camcorder.png]
[magenta-mouse-826487.hostingersite.com/wp-content/plugins/js_composer_salient/assets/images/icons/camera.png]
[magenta-mouse-826487.hostingersite.com/wp-content/plugins/js_composer_salient/assets/images/icons/chart.png]
[magenta-mouse-826487.hostingersite.com/wp-content/plugins/js_composer_salient/assets/images/icons/chart-pie.png]
[magenta-mouse-826487.hostingersite.com/wp-content/plugins/js_composer_salient/assets/images/icons/clock.png]
[magenta-mouse-826487.hostingersite.com/wp-content/plugins/js_composer_salient/assets/images/icons/control.png]
[magenta-mouse-826487.hostingersite.com/wp-content/plugins/js_composer_salient/assets/images/icons/fire.png]
[magenta-mouse-826487.hostingersite.com/wp-content/plugins/js_composer_salient/assets/images/icons/heart.png]
[magenta-mouse-826487.hostingersite.com/wp-content/plugins/js_composer_salient/assets/images/icons/mail.png]
[magenta-mouse-826487.hostingersite.com/wp-content/plugins/js_composer_salient/assets/images/icons/plus-shield.png]
[magenta-mouse-826487.hostingersite.com/wp-content/plugins/js_composer_salient/assets/images/icons/video.png]
[magenta-mouse-826487.hostingersite.com/wp-content/plugins/js_composer_salient/assets/fonts/vc_icons/fonts/VC-Icons83098309.ttf]
[magenta-mouse-826487.hostingersite.com/wp-content/plugins/js_composer_salient/assets/fonts/vc_icons/fonts/VC-Icons83098309.woff]
[magenta-mouse-826487.hostingersite.com/wp-content/plugins/js_composer_salient/assets/fonts/vc_icons/fonts/VC-Icons83098309.svg]
[magenta-mouse-826487.hostingersite.com/wp-content/plugins/js_composer_salient/assets/images/toggle_open.png]
[magenta-mouse-826487.hostingersite.com/wp-content/plugins/js_composer_salient/assets/images/toggle_close.png]
[magenta-mouse-826487.hostingersite.com/wp-content/plugins/js_composer_salient/assets/images/flickr.png]
[magenta-mouse-826487.hostingersite.com/wp-content/plugins/js_composer_salient/assets/fonts/vc_grid/vc_grid_v157a157a1.eot]
[magenta-mouse-826487.hostingersite.com/wp-content/plugins/js_composer_salient/assets/fonts/vc_grid/vc_grid_v1d41dd41d.eot]
[magenta-mouse-826487.hostingersite.com/wp-content/plugins/js_composer_salient/assets/fonts/vc_grid/vc_grid_v157a157a1.woff]
[magenta-mouse-826487.hostingersite.com/wp-content/plugins/js_composer_salient/assets/fonts/vc_grid/vc_grid_v157a157a1.ttf]
[magenta-mouse-826487.hostingersite.com/wp-content/plugins/js_composer_salient/assets/fonts/vc_grid/vc_grid_v157a157a1.svg]
[magenta-mouse-826487.hostingersite.com/wp-content/plugins/js_composer_salient/assets/images/spinner.gif]
[magenta-mouse-826487.hostingersite.com/wp-content/plugins/js_composer_salient/assets/vc/remove.png]
[magenta-mouse-826487.hostingersite.com/wp-content/plugins/js_composer_salient/assets/css/js_composer.min.css]
[magenta-mouse-826487.hostingersite.com/wp-includes/js/jquery/jquery.js]
[magenta-mouse-826487.hostingersite.com/wp-includes/js/jquery/jquery-migrate.min.js]
[magenta-mouse-826487.hostingersite.com/wp-json/index.html]
[magenta-mouse-826487.hostingersite.com/xmlrpc0db00db0.html]
[magenta-mouse-826487.hostingersite.com/wp-includes/wlwmanifest.xml]
[magenta-mouse-826487.hostingersite.com/wp-json/oembed/1.0/embed185f91bb.html]
[www.edgeutilities.co.uk/wp-includes/css/dist/block-library/style.min.css]
[www.edgeutilities.co.uk/wp-content/plugins/contact-form-7/includes/css/styles.css]
[www.edgeutilities.co.uk/wp-content/themes/salient/css/rgs.css]
[www.edgeutilities.co.uk/wp-content/themes/salient/css/font-awesome.min.css]
[www.edgeutilities.co.uk/wp-content/themes/salient/css/magnific.css]
[www.edgeutilities.co.uk/wp-content/themes/salient/style.css]
[www.edgeutilities.co.uk/wp-content/themes/salient/css/responsive.css]
[www.edgeutilities.co.uk/wp-content/themes/salient/css/ascend.css]
[www.edgeutilities.co.uk/wp-includes/js/jquery/jquery.js]
[www.edgeutilities.co.uk/wp-includes/js/jquery/jquery-migrate.min.js]
[magenta-mouse-826487.hostingersite.com/img/icons/img/icons/nectar-loading.gif]
[magenta-mouse-826487.hostingersite.com/img/icons/img/textures/diagonal_line.png]
[www.edgeutilities.co.uk/wp-content/uploads/2017/09/edge-logo-white.jpg]
[www.edgeutilities.co.uk/wp-includes/js/jquery/ui/core.min.js]
[www.edgeutilities.co.uk/wp-includes/js/jquery/ui/widget.min.js]
[www.edgeutilities.co.uk/wp-includes/js/jquery/ui/position.min.js]
[www.edgeutilities.co.uk/wp-includes/js/jquery/ui/menu.min.js]
[www.edgeutilities.co.uk/wp-includes/js/dist/vendor/wp-polyfill.min.js]
[www.edgeutilities.co.uk/wp-includes/js/dist/vendor/wp-polyfill-fetch.min.js]
[www.edgeutilities.co.uk/wp-includes/js/dist/vendor/wp-polyfill-node-contains.min.js]
[www.edgeutilities.co.uk/wp-includes/js/dist/vendor/wp-polyfill-dom-rect.min.js]
[www.edgeutilities.co.uk/wp-includes/js/dist/vendor/wp-polyfill-url.min.js]
[www.edgeutilities.co.uk/wp-includes/js/dist/vendor/wp-polyfill-formdata.min.js]
[www.edgeutilities.co.uk/wp-includes/js/dist/vendor/wp-polyfill-element-closest.min.js]
[www.edgeutilities.co.uk/wp-includes/js/dist/dom-ready.min.js]
[www.edgeutilities.co.uk/wp-includes/js/dist/a11y.min.js]
[www.edgeutilities.co.uk/wp-includes/js/jquery/ui/autocomplete.min.js]
[www.edgeutilities.co.uk/wp-content/themes/salient/nectar/assets/functions/ajax-search/wpss-search-suggest.js]
[www.edgeutilities.co.uk/wp-content/plugins/contact-form-7/includes/js/scripts.js]
[www.edgeutilities.co.uk/wp-content/themes/salient/js/priority.js]
[www.edgeutilities.co.uk/wp-content/themes/salient/js/modernizr.js]
[www.edgeutilities.co.uk/wp-content/themes/salient/js/imagesLoaded.min.js]
[www.edgeutilities.co.uk/wp-content/themes/salient/js/magnific.js]
[www.edgeutilities.co.uk/wp-content/themes/salient/js/superfish.js]
[www.edgeutilities.co.uk/wp-content/themes/salient/js/touchswipe.min.js]
[www.edgeutilities.co.uk/wp-content/themes/salient/js/init.js]
[magenta-mouse-826487.hostingersite.com/img/icons/nectar-loading.html]
[www.edgeutilities.co.uk/wp-includes/js/wp-embed.min.js]
[magenta-mouse-826487.hostingersite.com/img/textures/img/textures/diagonal_line.d1.delayed]
[magenta-mouse-826487.hostingersite.com/img/textures/diagonal_line.html]
[magenta-mouse-826487.hostingersite.com/wp-content/themes/salient/css/fonts/svg/font/linea-arrows-10.eot]
[magenta-mouse-826487.hostingersite.com/wp-content/themes/salient/css/fonts/svg/font/linea-arrows-10d41dd41d.eot]
[magenta-mouse-826487.hostingersite.com/wp-content/themes/salient/css/fonts/svg/font/linea-arrows-10.woff]
[magenta-mouse-826487.hostingersite.com/wp-content/themes/salient/css/fonts/svg/font/linea-arrows-10.ttf]
[magenta-mouse-826487.hostingersite.com/wp-content/themes/salient/css/fonts/svg/font/linea-arrows-10.svg]
[magenta-mouse-826487.hostingersite.com/wp-content/themes/salient/css/fonts/svg/font/inea-basic-10.html]
[magenta-mouse-826487.hostingersite.com/wp-content/themes/salient/css/fonts/svg/font/linea-basic-10d41dd41d.eot]
[magenta-mouse-826487.hostingersite.com/wp-content/themes/salient/css/fonts/svg/font/linea-basic-10.woff]
[magenta-mouse-826487.hostingersite.com/wp-content/themes/salient/css/fonts/svg/font/linea-basic-10.svg]
[magenta-mouse-826487.hostingersite.com/wp-content/themes/salient/css/fonts/svg/font/linea-basic-10.ttf]
[magenta-mouse-826487.hostingersite.com/wp-content/themes/salient/css/fonts/svg/font/linea-basic-elaboration-10.eot]
[magenta-mouse-826487.hostingersite.com/wp-content/themes/salient/css/fonts/svg/font/linea-basic-elaboration-10d41dd41d.eot]
[magenta-mouse-826487.hostingersite.com/wp-content/themes/salient/css/fonts/svg/font/linea-basic-elaboration-10.woff]
[magenta-mouse-826487.hostingersite.com/wp-content/themes/salient/css/fonts/svg/font/linea-basic-elaboration-10.ttf]
[magenta-mouse-826487.hostingersite.com/wp-content/themes/salient/css/fonts/svg/font/linea-basic-elaboration-10.svg]
[magenta-mouse-826487.hostingersite.com/wp-content/themes/salient/css/fonts/svg/font/linea-ecommerce-10.eot]
[magenta-mouse-826487.hostingersite.com/wp-content/themes/salient/css/fonts/svg/font/linea-ecommerce-10d41dd41d.eot]
[magenta-mouse-826487.hostingersite.com/wp-content/themes/salient/css/fonts/svg/font/linea-ecommerce-10.woff]
[magenta-mouse-826487.hostingersite.com/wp-content/themes/salient/css/fonts/svg/font/linea-ecommerce-10.ttf]
[magenta-mouse-826487.hostingersite.com/wp-content/themes/salient/css/fonts/svg/font/linea-ecommerce-10.svg]
[magenta-mouse-826487.hostingersite.com/wp-content/themes/salient/css/fonts/svg/font/linea-music-10.eot]
[magenta-mouse-826487.hostingersite.com/wp-content/themes/salient/css/fonts/svg/font/linea-music-10d41dd41d.eot]
[magenta-mouse-826487.hostingersite.com/wp-content/themes/salient/css/fonts/svg/font/linea-music-10.woff]
[magenta-mouse-826487.hostingersite.com/wp-content/themes/salient/css/fonts/svg/font/linea-music-10.ttf]
[magenta-mouse-826487.hostingersite.com/wp-content/themes/salient/css/fonts/svg/font/linea-music-10.svg]
[magenta-mouse-826487.hostingersite.com/wp-content/themes/salient/css/fonts/svg/font/linea-software-10.eot]
[magenta-mouse-826487.hostingersite.com/wp-content/themes/salient/css/fonts/svg/font/linea-software-10d41dd41d.eot]
[magenta-mouse-826487.hostingersite.com/wp-content/themes/salient/css/fonts/svg/font/linea-software-10.woff]
[magenta-mouse-826487.hostingersite.com/wp-content/themes/salient/css/fonts/svg/font/linea-software-10.ttf]
[magenta-mouse-826487.hostingersite.com/wp-content/themes/salient/css/fonts/svg/font/linea-software-10.svg]
[magenta-mouse-826487.hostingersite.com/wp-content/themes/salient/css/fonts/svg/font/linea-weather-10.eot]
[magenta-mouse-826487.hostingersite.com/wp-content/themes/salient/css/fonts/svg/font/linea-weather-10d41dd41d.eot]
[magenta-mouse-826487.hostingersite.com/wp-content/themes/salient/css/fonts/svg/font/linea-weather-10.woff]
[magenta-mouse-826487.hostingersite.com/wp-content/themes/salient/css/fonts/svg/font/linea-weather-10.ttf]
[magenta-mouse-826487.hostingersite.com/wp-content/themes/salient/css/fonts/svg/font/arrows_styles.css]
[magenta-mouse-826487.hostingersite.com/wp-includes/js/jquery/ui/core.min.js]
[magenta-mouse-826487.hostingersite.com/wp-includes/js/jquery/ui/widget.min.js]
[magenta-mouse-826487.hostingersite.com/wp-includes/js/jquery/ui/position.min.js]
[magenta-mouse-826487.hostingersite.com/wp-includes/js/jquery/ui/menu.min.js]
[magenta-mouse-826487.hostingersite.com/wp-includes/js/dist/vendor/wp-polyfill.min.js]
[magenta-mouse-826487.hostingersite.com/wp-includes/js/dist/vendor/wp-polyfill-fetch.min.js]
[magenta-mouse-826487.hostingersite.com/wp-includes/js/dist/vendor/wp-polyfill-node-contains.min.js]
[magenta-mouse-826487.hostingersite.com/wp-includes/js/dist/vendor/wp-polyfill-dom-rect.min.js]
[magenta-mouse-826487.hostingersite.com/wp-includes/js/dist/vendor/wp-polyfill-url.min.js]
[magenta-mouse-826487.hostingersite.com/wp-includes/js/dist/vendor/wp-polyfill-formdata.min.js]
[magenta-mouse-826487.hostingersite.com/wp-includes/js/dist/vendor/wp-polyfill-element-closest.min.js]
[magenta-mouse-826487.hostingersite.com/wp-includes/js/dist/dom-ready.min.js]
[magenta-mouse-826487.hostingersite.com/wp-includes/js/dist/a11y.min.js]
[magenta-mouse-826487.hostingersite.com/wp-includes/js/jquery/ui/autocomplete.min.js]
[magenta-mouse-826487.hostingersite.com/wp-content/themes/salient/nectar/assets/functions/ajax-search/wpss-search-suggest.js]
[magenta-mouse-826487.hostingersite.com/wp-content/plugins/contact-form-7/includes/js/scripts.js]
[magenta-mouse-826487.hostingersite.com/wp-content/themes/salient/js/priority.js]
[magenta-mouse-826487.hostingersite.com/wp-content/themes/salient/js/modernizr.js]
[magenta-mouse-826487.hostingersite.com/wp-content/themes/salient/js/imagesLoaded.min.js]
[magenta-mouse-826487.hostingersite.com/wp-content/themes/salient/js/magnific.js]
[magenta-mouse-826487.hostingersite.com/wp-content/themes/salient/js/superfish.js]
[magenta-mouse-826487.hostingersite.com/wp-content/themes/salient/css/fonts/svg/font/linea-weather-10.svg]
[magenta-mouse-826487.hostingersite.com/html.js]
[magenta-mouse-826487.hostingersite.com/wp-content/themes/salient/js/init.js]
[magenta-mouse-826487.hostingersite.com/wp-content/themes/salient/js/nectar-slider.js]
[magenta-mouse-826487.hostingersite.com/wp-content/themes/salient/js/touchswipe.min.js]
[magenta-mouse-826487.hostingersite.com/wp-includes/js/comment-reply.min.js]
[magenta-mouse-826487.hostingersite.com/wp-includes/js/wp-embed.min.js]
[apis.google.com/js/plusone.js]
[magenta-mouse-826487.hostingersite.com/Edge/index.html]
[magenta-mouse-826487.hostingersite.com/wp-content/plugins/js_composer_salient/assets/js/dist/js_composer_front.min.js]
[assets.pinterest.com/js/pinit.js]
[magenta-mouse-826487.hostingersite.com/wp-content/themes/salient/css/fonts/fontawesome-webfont.svg]
[magenta-mouse-826487.hostingersite.com/wp-content/themes/salient/css/fonts/OpenSans-Light-webfont.svg]
[magenta-mouse-826487.hostingersite.com/wp-content/themes/salient/css/fonts/OpenSans-Regular-webfont.svg]
[magenta-mouse-826487.hostingersite.com/wp-content/themes/salient/css/fonts/OpenSans-Semibold-webfont.svg]
[magenta-mouse-826487.hostingersite.com/wp-content/themes/salient/css/fonts/OpenSansBold-webfont.svg]
[magenta-mouse-826487.hostingersite.com/wp-content/themes/salient/img/icons/social/img/icons/nectar-loading.gif]
[magenta-mouse-826487.hostingersite.com/wp-content/themes/salient/img/icons/social/img/textures/diagonal_line.png]
[magenta-mouse-826487.hostingersite.com/wp-content/themes/salient/img/icons/social/vimeo-header-black.html]
[magenta-mouse-826487.hostingersite.com/wp-content/themes/salient/img/icons/social/behance-header-black.html]
[magenta-mouse-826487.hostingersite.com/wp-content/themes/salient/css/fonts/icomoon.svg]
[magenta-mouse-826487.hostingersite.com/wp-content/themes/salient/css/fonts/linecons.svg]
[magenta-mouse-826487.hostingersite.com/wp-content/themes/salient/css/fonts/steadysets.svg]
[magenta-mouse-826487.hostingersite.com/wp-content/themes/salient/css/fonts/iconsmind218a218a.svg]
[magenta-mouse-826487.hostingersite.com/wp-content/plugins/js_composer_salient/assets/fonts/vc_icons/fonts/VC-Icons83098309.svg]
[magenta-mouse-826487.hostingersite.com/wp-content/plugins/js_composer_salient/assets/fonts/vc_grid/vc_grid_v157a157a1.svg]
[www.edgeutilities.co.uk/wp-includes/css/dist/block-library/style.min.css]
[www.edgeutilities.co.uk/wp-content/plugins/contact-form-7/images/ajax-loader.gif]
[www.edgeutilities.co.uk/wp-content/plugins/contact-form-7/includes/css/styles.css]
[www.edgeutilities.co.uk/wp-content/themes/salient/css/rgs.css]
[www.edgeutilities.co.uk/wp-content/themes/salient/css/fonts/fontawesome-webfont3ea6.eot]
[www.edgeutilities.co.uk/wp-content/themes/salient/css/fonts/fontawesome-webfontd41d.eot]
[www.edgeutilities.co.uk/wp-content/themes/salient/css/fonts/fontawesome-webfont.svg]
[www.edgeutilities.co.uk/wp-content/themes/salient/css/fonts/fontawesome-webfont3ea6.woff]
[www.edgeutilities.co.uk/wp-content/themes/salient/css/font-awesome.min.css]
[www.edgeutilities.co.uk/wp-content/themes/salient/css/fonts/fontawesome-webfont3ea6.ttf]
[www.edgeutilities.co.uk/wp-content/themes/salient/css/fonts/OpenSans-Light-webfont.eot]
[www.edgeutilities.co.uk/wp-content/themes/salient/css/fonts/OpenSans-Light-webfontd41d.eot]
[www.edgeutilities.co.uk/wp-content/themes/salient/css/fonts/OpenSans-Light-webfont.woff]
[www.edgeutilities.co.uk/wp-content/themes/salient/css/fonts/OpenSans-Light-webfont.ttf]
[www.edgeutilities.co.uk/wp-content/themes/salient/css/fonts/OpenSans-Light-webfont.svg]
[www.edgeutilities.co.uk/wp-content/themes/salient/css/fonts/OpenSans-Regular-webfont.eot]
[www.edgeutilities.co.uk/wp-content/themes/salient/css/fonts/OpenSans-Regular-webfontd41d.eot]
[www.edgeutilities.co.uk/wp-content/themes/salient/css/fonts/OpenSans-Regular-webfont.woff]
[www.edgeutilities.co.uk/wp-content/themes/salient/css/fonts/OpenSans-Regular-webfont.ttf]
[www.edgeutilities.co.uk/wp-content/themes/salient/css/fonts/OpenSans-Regular-webfont.svg]
[www.edgeutilities.co.uk/wp-content/themes/salient/css/fonts/OpenSans-Semibold-webfont.eot]
[www.edgeutilities.co.uk/wp-content/themes/salient/css/fonts/OpenSans-Semibold-webfontd41d.eot]
[www.edgeutilities.co.uk/wp-content/themes/salient/css/fonts/OpenSans-Semibold-webfont.woff]
[www.edgeutilities.co.uk/wp-content/themes/salient/css/fonts/OpenSans-Semibold-webfont.ttf]
[www.edgeutilities.co.uk/wp-content/themes/salient/css/fonts/OpenSans-Semibold-webfont.svg]
[www.edgeutilities.co.uk/wp-content/themes/salient/css/fonts/OpenSansBold-webfont.eot]
[www.edgeutilities.co.uk/wp-content/themes/salient/css/fonts/OpenSansBold-webfontd41d.eot]
[www.edgeutilities.co.uk/wp-content/themes/salient/css/fonts/OpenSansBold-webfont.woff]
[www.edgeutilities.co.uk/wp-content/themes/salient/css/fonts/OpenSansBold-webfont.ttf]
[www.edgeutilities.co.uk/wp-content/themes/salient/css/fonts/OpenSansBold-webfont.svg]
[www.edgeutilities.co.uk/wp-content/themes/salient/img/icons/loading-white-bg.gif]
[www.edgeutilities.co.uk/wp-content/themes/salient/img/icons/social/vimeo-header-black.png]
[www.edgeutilities.co.uk/wp-content/themes/salient/img/icons/social/behance-header-black.png]
[www.edgeutilities.co.uk/wp-content/themes/salient/img/icons/mag-glass-mobile.png]
[www.edgeutilities.co.uk/wp-content/themes/salient/img/icons/mag-glass-mobile@2x.png]
[www.edgeutilities.co.uk/wp-content/themes/salient/img/icons/slider-arrows-small.png]
[www.edgeutilities.co.uk/wp-content/themes/salient/img/icons/jplayer.png]
[www.edgeutilities.co.uk/wp-content/themes/salient/img/transparent.png]
[www.edgeutilities.co.uk/wp-content/themes/salient/img/icons/leaflet/marker-shadow.png]
[www.edgeutilities.co.uk/wp-content/themes/salient/img/icons/quote.png]
[www.edgeutilities.co.uk/wp-content/themes/salient/img/icons/link.png]
[www.edgeutilities.co.uk/wp-content/themes/salient/img/icons/status.png]
[www.edgeutilities.co.uk/wp-content/themes/salient/img/icons/aside.png]
[www.edgeutilities.co.uk/wp-content/themes/salient/img/icons/quote@2x.png]
[www.edgeutilities.co.uk/wp-content/themes/salient/img/icons/link@2x.png]
[www.edgeutilities.co.uk/wp-content/themes/salient/img/icons/status@2x.png]
[www.edgeutilities.co.uk/wp-content/themes/salient/img/icons/aside@2x.png]
[www.edgeutilities.co.uk/wp-content/themes/salient/img/icons/portfolio-arrows.png]
[www.edgeutilities.co.uk/wp-content/themes/salient/img/icons/portfolio-arrows@2x.png]
[www.edgeutilities.co.uk/wp-content/themes/salient/img/icons/comment-children-line.jpg]
[www.edgeutilities.co.uk/wp-content/themes/salient/css/fonts/icomoon.eot]
[www.edgeutilities.co.uk/wp-content/themes/salient/css/fonts/icomoond41d.eot]
[www.edgeutilities.co.uk/wp-content/themes/salient/css/fonts/icomoon.woff]
[www.edgeutilities.co.uk/wp-content/themes/salient/css/fonts/icomoon.ttf]
[www.edgeutilities.co.uk/wp-content/themes/salient/css/fonts/icomoon.svg]
[www.edgeutilities.co.uk/wp-content/themes/salient/css/fonts/linecons.eot]
[www.edgeutilities.co.uk/wp-content/themes/salient/css/fonts/lineconsd41d.eot]
[www.edgeutilities.co.uk/wp-content/themes/salient/css/fonts/linecons.ttf]
[www.edgeutilities.co.uk/wp-content/themes/salient/css/fonts/linecons.woff]
[www.edgeutilities.co.uk/wp-content/themes/salient/css/fonts/linecons.svg]
[www.edgeutilities.co.uk/wp-content/themes/salient/css/fonts/steadysets.eot]
[www.edgeutilities.co.uk/wp-content/themes/salient/css/fonts/steadysetsd41d.eot]
[www.edgeutilities.co.uk/wp-content/themes/salient/css/fonts/steadysets.ttf]
[www.edgeutilities.co.uk/wp-content/themes/salient/css/fonts/steadysets.woff]
[www.edgeutilities.co.uk/wp-content/themes/salient/style.css]
[www.edgeutilities.co.uk/wp-content/themes/salient/css/magnific.css]
[www.edgeutilities.co.uk/wp-content/themes/salient/css/responsive.css]
[www.edgeutilities.co.uk/wp-content/themes/salient/css/ascend.css]
[magenta-mouse-826487.hostingersite.com/img/icons/img/icons/nectar-loading.html]
[magenta-mouse-826487.hostingersite.com/img/icons/img/textures/diagonal_line.html]
[magenta-mouse-826487.hostingersite.com/img/textures/img/textures/diagonal_line.html]
[magenta-mouse-826487.hostingersite.com/wp-content/themes/salient/css/fonts/svg/font/linea-arrows-10.svg]
[www.edgeutilities.co.uk/wp-content/themes/salient/css/fonts/steadysets.svg]
[magenta-mouse-826487.hostingersite.com/img/textures/img/icons/nectar-loading.gif]
[magenta-mouse-826487.hostingersite.com/wp-content/themes/salient/css/fonts/svg/font/img/icons/nectar-loading.137.delayed]
[magenta-mouse-826487.hostingersite.com/wp-content/themes/salient/css/fonts/svg/font/img/textures/diagonal_line.png]
[magenta-mouse-826487.hostingersite.com/wp-content/themes/salient/css/fonts/svg/font/inea-basic-10.html]
[magenta-mouse-826487.hostingersite.com/wp-content/themes/salient/css/fonts/svg/font/linea-basic-10.svg]
[magenta-mouse-826487.hostingersite.com/wp-content/themes/salient/css/fonts/svg/font/linea-basic-elaboration-10.svg]
[magenta-mouse-826487.hostingersite.com/wp-content/themes/salient/css/fonts/svg/font/linea-ecommerce-10.svg]
[magenta-mouse-826487.hostingersite.com/wp-content/themes/salient/css/fonts/svg/font/linea-music-10.svg]
[magenta-mouse-826487.hostingersite.com/wp-content/themes/salient/css/fonts/svg/font/linea-software-10.svg]
[magenta-mouse-826487.hostingersite.com/wp-content/themes/salient/css/fonts/svg/font/linea-weather-10.svg]
[magenta-mouse-826487.hostingersite.com/html.html]
[magenta-mouse-826487.hostingersite.com/Edge/index.html]
[magenta-mouse-826487.hostingersite.com/wp-content/themes/salient/img/icons/social/img/icons/nectar-loading.html]
[magenta-mouse-826487.hostingersite.com/wp-content/themes/salient/img/icons/social/img/textures/diagonal_line.html]
[www.edgeutilities.co.uk/wp-content/themes/salient/css/fonts/fontawesome-webfont.svg]
[www.edgeutilities.co.uk/wp-content/themes/salient/css/fonts/OpenSans-Light-webfont.svg]
[www.edgeutilities.co.uk/wp-content/themes/salient/css/fonts/OpenSans-Regular-webfont.svg]
[www.edgeutilities.co.uk/wp-content/themes/salient/css/fonts/OpenSans-Semibold-webfont.svg]
[www.edgeutilities.co.uk/wp-content/themes/salient/css/fonts/OpenSansBold-webfont.svg]
[www.edgeutilities.co.uk/wp-content/themes/salient/img/icons/social/vimeo-header-black.html]
[www.edgeutilities.co.uk/wp-content/themes/salient/img/icons/social/behance-header-black.html]
[www.edgeutilities.co.uk/wp-content/themes/salient/css/fonts/icomoon.svg]
[www.edgeutilities.co.uk/wp-content/themes/salient/css/fonts/linecons.svg]
[www.edgeutilities.co.uk/wp-content/themes/salient/css/fonts/steadysets.svg]
[magenta-mouse-826487.hostingersite.com/img/textures/img/icons/nectar-loading.gif]
[magenta-mouse-826487.hostingersite.com/wp-content/themes/salient/css/fonts/svg/font/img/icons/nectar-loading.html]
[magenta-mouse-826487.hostingersite.com/wp-content/themes/salient/css/fonts/svg/font/img/textures/diagonal_line.html]
