[idoportal.com/index.html]
[backblue.gif]
[fade.gif]
[index.html]
[idoportal.com/favicon.ico]
[idoportal.com/apple-touch-icon.png]
[www.google.com/recaptcha/enterprisef9d5.js]
[idoportal.com/site/templates/images/menu.png]
[idoportal.com/site/templates/images/close.png]
[idoportal.com/culture/index.html]
[idoportal.com/when/index.html]
[idoportal.com/tribe/index.html]
[idoportal.com/blog/index.html]
[idoportal.com/contact/index.html]
[idoportal.com/shake/index.html]
[idoportal.com/site/templates/images/up.png]
[idoportal.com/site/templates/scripts/scripts.js]
[idoportal.com/disclaimer-privacy-policy/index.html]
[idoportal.com/index.html]
[idoportal.com/icon.svg]
[idoportal.com/manifest.html]
[unpkg.com/flickity@2.3.0/dist/flickity.pkgd.min.js]
[idoportal.com/site/templates/fonts/dBk.eot]
[idoportal.com/site/templates/fonts/dBkd41d.eot]
[idoportal.com/site/templates/fonts/dBk.woff2]
[idoportal.com/site/templates/fonts/dBk.woff]
[idoportal.com/site/templates/fonts/dBk.ttf]
[idoportal.com/site/templates/fonts/dBk.otf]
[idoportal.com/site/templates/fonts/dBold.eot]
[idoportal.com/site/templates/fonts/dBoldd41d.eot]
[idoportal.com/site/templates/fonts/dBold.woff2]
[idoportal.com/site/templates/fonts/dBold.woff]
[idoportal.com/site/templates/fonts/dBold.ttf]
[idoportal.com/site/templates/fonts/dBold.otf]
[idoportal.com/site/templates/images/logo.png]
[idoportal.com/site/templates/images/bg-grunge.png]
[idoportal.com/site/templates/images/bg-concrete.jpg]
[idoportal.com/site/templates/images/separator_grey.png]
[idoportal.com/site/templates/images/bg-ido-mobile.jpg]
[idoportal.com/site/templates/images/bg-ido.jpg]
[idoportal.com/site/templates/images/bg-ido2.png]
[idoportal.com/site/templates/images/bg-ido3.jpg]
[idoportal.com/site/templates/images/bg-culture.jpg]
[idoportal.com/site/templates/images/bg-tribe.jpg]
[idoportal.com/site/templates/images/bg-contact.jpg]
[idoportal.com/site/templates/images/bg-home-1.jpg]
[idoportal.com/site/templates/images/bg-home-2.jpg]
[idoportal.com/site/templates/images/bg-home-3-mobile.jpg]
[idoportal.com/site/templates/images/bg-home-3.jpg]
[idoportal.com/site/templates/images/bg-home-4-mobile.jpg]
[idoportal.com/site/templates/images/bg-home-4.jpg]
[idoportal.com/site/templates/images/left.png]
[idoportal.com/site/templates/images/right.png]
[idoportal.com/site/templates/images/separator_dark.png]
[idoportal.com/site/templates/styles/styles.css]
[idoportal.com/culture/index.html]
[idoportal.com/tribe/index.html]
[unpkg.com/flickity@2.3.0/dist/flickity.min.css]
[idoportal.com/site/templates/images/monkey.png]
[idoportal.com/site/templates/images/map.png]
[idoportal.com/when/index.html]
[idoportal.com/site/assets/files/1195/img_9125.812x0-is.jpg]
[idoportal.com/blog/raising-superheros-or-abuse/index.html]
[idoportal.com/site/assets/files/1195/img_9114.812x0-is.jpg]
[idoportal.com/blog/mcgregor/index.html]
[idoportal.com/site/assets/files/1195/img_9153.812x0-is.jpg]
[idoportal.com/site/assets/files/1194/bad_mma_face.812x0-is.png]
[idoportal.com/blog/martial-artist-i-am-here-to-save-your-life/index.html]
[idoportal.com/site/assets/files/1191/img_8613.812x0-is.jpg]
[idoportal.com/blog/secret-of-longevity/index.html]
[idoportal.com/blog/choosing-or-being-chosen/index.html]
[idoportal.com/site/assets/files/1190/mc2015.812x0-is.jpg]
[idoportal.com/blog/movement-in-mma/index.html]
[idoportal.com/site/assets/files/1190/mc15_official1.812x0-is.jpg]
[idoportal.com/blog/camp/index.html]
[idoportal.com/site/assets/files/1190/mc15_official2.812x0-is.jpg]
[idoportal.com/site/assets/files/1190/mc15_official4.812x0-is.jpg]
[idoportal.com/site/assets/files/1190/mc15_official5.812x0-is.jpg]
[idoportal.com/site/assets/files/1190/mc15_official6.812x0-is.jpg]
[idoportal.com/site/assets/files/1188/2014-11-19_11_16_31.812x0-is.jpg]
[idoportal.com/blog/rehab/index.html]
[idoportal.com/site/assets/files/1188/2014-11-16_10_49_51.812x0-is.jpg]
[idoportal.com/blog/china3/index.html]
[idoportal.com/site/assets/files/1188/2014-11-13_10_23_03.558x0-is.jpg]
[idoportal.com/site/assets/files/1188/2014-11-21_13_13_35.812x0-is.jpg]
[idoportal.com/site/assets/files/1188/2014-11-21_13_47_17.812x0-is.jpg]
[idoportal.com/site/assets/files/1187/2014-11-14_14_55_05_new.812x0-is.jpg]
[idoportal.com/blog/china2/index.html]
[idoportal.com/site/assets/files/1187/2014-11-14_18_55_59_new.812x0-is.jpg]
[idoportal.com/site/assets/files/1187/2014-11-15_12_14_09_new.812x0-is.jpg]
[idoportal.com/site/assets/files/1187/2014-11-15_13_15_22_new.812x0-is.jpg]
[idoportal.com/site/assets/files/1186/2014-11-04_18_24_21_new.812x0-is.jpg]
[idoportal.com/blog/china1/index.html]
[idoportal.com/site/assets/files/1184/screenshot_2014-09-24_20_16_45.635x0-is.jpg]
[idoportal.com/blog/wbwrgtc/index.html]
[idoportal.com/blog/skillnotech/index.html]
[idoportal.com/site/assets/files/1183/mefrontlever_new.871x0-is.jpg]
[idoportal.com/blog/integhang/index.html]
[idoportal.com/blog/onearmhang/index.html]
[idoportal.com/site/assets/files/1182/hanging_phillipines_new.871x0-is.jpg]
[idoportal.com/site/assets/files/1181/meone_arm_hang.469x0-is.jpg]
[idoportal.com/blog/morehang/index.html]
[idoportal.com/site/assets/files/1180/hanging_cover_personal.695x0-is.jpg]
[idoportal.com/blog/hangingfaq/index.html]
[idoportal.com/site/assets/files/1179/hanging_challenge_highres2_new.601x0-is.jpg]
[idoportal.com/blog/hanging/index.html]
[idoportal.com/site/assets/files/1179/acromion_types_jpg.gif]
[idoportal.com/blog/first-post/index.html]
[idoportal.com/site/assets/files/1178/img-blog.784x0-is.png]
[idoportal.com/blog/index.html]
[idoportal.com/contact/index.html]
[idoportal.com/files/Vertical Shake.mp3]
[idoportal.com/shake/index.html]
[idoportal.com/site/templates/images/instagram.svg]
[idoportal.com/site/templates/images/youtube.svg]
[idoportal.com/site/templates/images/facebook.svg]
[idoportal.com/site/templates/images/ido.svg]
[idoportal.com/disclaimer-privacy-policy/index.html]
[idoportal.com/site/templates/fonts/dBk.svg]
[idoportal.com/site/templates/fonts/dBold.svg]
[idoportal.com/site/templates/images/button.svg]
[idoportal.com/site/templates/images/culture.svg]
[idoportal.com/site/templates/images/tribe.svg]
[unpkg.com/flickity@2.3.0/dist/flickity.min.css]
[idoportal.com/site/templates/images/when.svg]
[idoportal.com/site/templates/images/where.svg]
[idoportal.com/site/templates/images/blog.svg]
[idoportal.com/blog/raising-superheros-or-abuse/index.html]
[idoportal.com/blog/mcgregor/index.html]
[idoportal.com/blog/martial-artist-i-am-here-to-save-your-life/index.html]
[idoportal.com/blog/secret-of-longevity/index.html]
[idoportal.com/blog/choosing-or-being-chosen/index.html]
[idoportal.com/blog/movement-in-mma/index.html]
[idoportal.com/blog/camp/index.html]
[idoportal.com/blog/rehab/index.html]
[idoportal.com/blog/china3/index.html]
[idoportal.com/blog/china2/index.html]
[idoportal.com/blog/china1/index.html]
[idoportal.com/blog/wbwrgtc/index.html]
[idoportal.com/blog/skillnotech/index.html]
[idoportal.com/blog/integhang/index.html]
[idoportal.com/blog/onearmhang/index.html]
[idoportal.com/blog/morehang/index.html]
[idoportal.com/blog/hangingfaq/index.html]
[idoportal.com/blog/hanging/index.html]
[idoportal.com/blog/first-post/index.html]
[idoportal.com/site/templates/images/contact.svg]
[idoportal.com/site/templates/images/disclaimer.svg]
